<html>
<body>
<pre>
<h1>µVision Build Log</h1>
<h2>Tool Versions:</h2>
IDE-Version: ¦ÌVision V5.15
Copyright (C) 2015 ARM Ltd and ARM Germany GmbH. All rights reserved.
License Information: dggd sg, sdgdfg, LIC=47GII-TPLBE-V1BP8-3SIX3-VTY5U-YR34B
 
Tool Versions:
Toolchain:       MDK-ARM Standard  Version: 5.15.0
Toolchain Path:  C:\Keil_v5\ARM\ARMCC\Bin
C Compiler:      Armcc.exe V5.05 update 2 (build 169)
Assembler:       Armasm.exe V5.05 update 2 (build 169)
Linker/Locator:  ArmLink.exe V5.05 update 2 (build 169)
Library Manager: ArmAr.exe V5.05 update 2 (build 169)
Hex Converter:   FromElf.exe V5.05 update 2 (build 169)
CPU DLL:         SARMCM3.DLL V5.15.0
Dialog DLL:      DCM.DLL V1.13.2.0
Target DLL:      CMSIS_AGDI.dll V1.21.12.0
Dialog DLL:      TCM.DLL V1.14.5.0
 
<h2>Project:</h2>
G:\µÂ·ÉÀ³WIFI\WiFi\wifi.uvprojx
Project File Date:  06/15/2018

<h2>Output:</h2>
*** Using Compiler 'V5.05 update 2 (build 169)', folder: 'C:\Keil_v5\ARM\ARMCC\Bin'
Rebuild target 'wifi'
compiling core_cm3.c...
compiling system_stm32f10x.c...
assembling startup_stm32f10x_hd.s...
compiling misc.c...
compiling stm32f10x_gpio.c...
compiling stm32f10x_rcc.c...
compiling stm32f10x_tim.c...
compiling stm32f10x_usart.c...
compiling client.c...
compiling main.c...
USER\main.c(30): warning:  #1215-D: #warning directive: "this is the master device...MADDR = 02."
        #warning "this is the master device...MADDR = 02."
USER\main.c: 1 warning, 0 errors
compiling stm32f10x_it.c...
compiling systick.c...
compiling TIME2.c...
compiling USART3.c...
compiling USART2.c...
compiling USART1.c...
compiling beep.c...
compiling delay.c...
compiling usart2printf.c...
linking...
Program Size: Code=7480 RO-data=360 RW-data=1940 ZI-data=1972  
".\Objects\wifi.axf" - 0 Error(s), 1 Warning(s).

<h2>Collection of Component include folders:</h2>
  G:\µÂ·ÉÀ³WIFI\WiFi\RTE
  C:\Keil_v5\ARM\PACK\Keil\STM32F1xx_DFP\2.0.0\Device\Include

<h2>Collection of Component Files used:</h2>
</pre>
</body>
</html>
